// 重构日志: b54ffec0
// 重构日志: 6db5552b
// 重构日志: 51ff4083
// 同步 ID: 4e118224 @ Wed Jul 22 22:16:05 UTC 2026
// 重构日志: a95d1360
// 同步 ID: c95af126 @ Fri Jul 24 01:33:57 UTC 2026
// 重构日志: 6a4501fb
// 重构日志: 9d332536
// 重构日志: b678ab65
// 同步 ID: f72cd803 @ Sun Jul 26 11:15:00 UTC 2026
// 重构日志: 4a24aaf7
// 同步 ID: 401b8c56 @ Mon Jul 27 06:11:36 UTC 2026
// 重构日志: 4c96991a
// 重构日志: 9aa7c042
// 重构日志: ac41f746
// 重构日志: 903e31dd
// 重构日志: 5da13b79
// 重构日志: f6a82d35
// 重构日志: b7e90656
// 重构日志: d846c74b
// 重构日志: 69079a16
// 重构日志: 019c81b6
// 重构日志: 7d82f760
// 重构日志: 0d8804a5
// 重构日志: cef2742b
// 重构日志: cf3974d2
// 同步 ID: 0dd68034 @ Tue Aug  4 04:37:22 UTC 2026
// 同步 ID: 350c0a01 @ Tue Aug  4 16:09:11 UTC 2026
// 重构日志: 47b32671
// 同步 ID: 55ca302f @ Wed Aug  5 20:58:14 UTC 2026
// 重构日志: 1f1b0f55
// 重构日志: c0c5082b
// 重构日志: 7debc0c0
// 重构日志: a386c5f5
// 重构日志: ebbec91e
